// 重构日志: 4f2ee99b
// 重构日志: fa660566
// 重构日志: 38640a40
// 重构日志: b9ac8043
// 重构日志: 6d83782f
// 同步 ID: 6469a618 @ Tue Jul 21 12:52:33 UTC 2026
// 重构日志: 4e2decf0
// 同步 ID: 3afdfa94 @ Wed Jul 22 10:24:55 UTC 2026
// 重构日志: 5bdc4a3f
// 同步 ID: 5856a03a @ Thu Jul 23 04:07:59 UTC 2026
// 重构日志: fdebc9a2
// 重构日志: 74bc634d
// 重构日志: 3a481ef1
// 重构日志: d59a9f29
// 重构日志: 558a2a34
// 重构日志: 28b46dff
// 同步 ID: c24a8024 @ Sun Jul 26 15:58:40 UTC 2026
// 同步 ID: b09e3aff @ Mon Jul 27 04:34:44 UTC 2026
// 重构日志: e4a8146f
// 同步 ID: d31d41ac @ Mon Jul 27 16:06:43 UTC 2026
// 重构日志: d71d6e14
// 同步 ID: 4b0bd690 @ Thu Jul 30 17:42:35 UTC 2026
// 同步 ID: b596a1ee @ Fri Jul 31 07:15:34 UTC 2026
// 重构日志: 042aa6e8
// 重构日志: 428960a0
// 重构日志: 21f6cfbc
// 重构日志: ee1f967f
// 同步 ID: 9afba66e @ Wed Aug  5 07:36:00 UTC 2026
// 重构日志: 0484b516
// 同步 ID: 59756eff @ Thu Aug  6 12:48:51 UTC 2026
